1600 device + 400 ESN + 40 delay-line runs (100 paired realizations)
  device 100/1600  (44 s)
  device 200/1600  (87 s)
  device 300/1600  (142 s)
  device 400/1600  (272 s)
  device 500/1600  (307 s)
  device 600/1600  (341 s)
  device 700/1600  (403 s)
  device 800/1600  (527 s)
  device 900/1600  (553 s)
  device 1000/1600  (591 s)
  device 1100/1600  (649 s)
  device 1200/1600  (784 s)
  device 1300/1600  (816 s)
  device 1400/1600  (857 s)
  device 1500/1600  (924 s)
  device 1600/1600  (1066 s)

============================================================================================
      design  P  chan           NL-MC  depth           NARMA        lin MC    dof
============================================================================================
      graded  1    50    2.295 +- 0.279    1.4   0.8360 +- 0.0232    2.01 +- 0.27   11.1
      graded  2   100    2.895 +- 0.225    2.0   0.8349 +- 0.0237    2.37 +- 0.33   14.5
      graded  4   200    3.103 +- 0.378    2.2   0.8361 +- 0.0248    2.56 +- 0.43   16.2
      graded  8   400    2.921 +- 0.610    2.6   0.8402 +- 0.0279    2.71 +- 0.55   18.2
 homogeneous  1    50    2.204 +- 0.316    1.4   0.8729 +- 0.0353    0.96 +- 0.18    5.7
 homogeneous  2   100    2.591 +- 0.368    1.7   0.8563 +- 0.0231    1.46 +- 0.27    7.8
 homogeneous  4   200    3.030 +- 0.195    2.2   0.8389 +- 0.0245    2.00 +- 0.23   12.7
 homogeneous  8   400    2.970 +- 0.626    2.7   0.8397 +- 0.0271    2.79 +- 0.58   18.1
     uniform  1    50    2.068 +- 0.382    1.2   0.8345 +- 0.0248    0.99 +- 0.04    5.3
     uniform  2   100    2.240 +- 0.266    1.5   0.8350 +- 0.0247    1.00 +- 0.04    5.8
     uniform  4   200    2.327 +- 0.265    1.7   0.8365 +- 0.0249    1.01 +- 0.04    6.2
     uniform  8   400    1.931 +- 0.392    1.6   0.8428 +- 0.0272    1.05 +- 0.05    6.8
  stochastic  1    50    2.209 +- 0.126    1.3   0.8131 +- 0.0253    2.79 +- 0.42   10.8
  stochastic  2   100    2.559 +- 0.223    1.9   0.7940 +- 0.0427    3.84 +- 0.60   14.3
  stochastic  4   200    2.953 +- 0.237    2.1   0.7679 +- 0.0614    4.62 +- 0.69   18.4
  stochastic  8   400    3.156 +- 0.267    2.5   0.7474 +- 0.0708    5.19 +- 0.81   21.4
         esn  1    50    6.340 +- 0.262    5.8   0.5218 +- 0.0520   11.68 +- 0.29   48.1
         esn  2   100    8.725 +- 0.188    8.1   0.4103 +- 0.0430   14.15 +- 0.84   89.5
         esn  4   200   10.804 +- 0.235   10.2   0.2981 +- 0.0423   16.32 +- 0.16  139.2
         esn  8   400   12.520 +- 0.185   12.0   0.2486 +- 0.0429   18.32 +- 0.33  201.6
  delay_line  1    50    0.004 +- 0.007   -1.0   0.3974 +- 0.0263   30.00 +- 0.00   30.3
  delay_line  2   100    0.004 +- 0.007   -1.0   0.3974 +- 0.0263   30.00 +- 0.00   30.3
  delay_line  4   200    0.004 +- 0.007   -1.0   0.3974 +- 0.0263   30.00 +- 0.00   30.3
  delay_line  8   400    0.004 +- 0.007   -1.0   0.3974 +- 0.0263   30.00 +- 0.00   30.3

Paired comparisons on nonlinear memory capacity (same mask and input):
  P=1: graded vs  homogeneous: dNL-MC = +0.090 +- 0.263 (+4.1%), Wilcoxon p = 9.53e-03
  P=1: graded vs      uniform: dNL-MC = +0.227 +- 0.277 (+11.0%), Wilcoxon p = 2.34e-15
  P=1: graded vs   stochastic: dNL-MC = +0.085 +- 0.245 (+3.9%), Wilcoxon p = 2.93e-02
  P=1: graded vs          esn: dNL-MC = -4.045 +- 0.403 (-63.8%), Wilcoxon p = 3.90e-18
  P=2: graded vs  homogeneous: dNL-MC = +0.304 +- 0.215 (+11.7%), Wilcoxon p = 9.60e-18
  P=2: graded vs      uniform: dNL-MC = +0.655 +- 0.248 (+29.2%), Wilcoxon p = 3.90e-18
  P=2: graded vs   stochastic: dNL-MC = +0.336 +- 0.289 (+13.1%), Wilcoxon p = 1.95e-14
  P=2: graded vs          esn: dNL-MC = -5.830 +- 0.292 (-66.8%), Wilcoxon p = 3.90e-18
  P=4: graded vs  homogeneous: dNL-MC = +0.073 +- 0.278 (+2.4%), Wilcoxon p = 2.95e-07
  P=4: graded vs      uniform: dNL-MC = +0.776 +- 0.243 (+33.3%), Wilcoxon p = 3.90e-18
  P=4: graded vs   stochastic: dNL-MC = +0.151 +- 0.399 (+5.1%), Wilcoxon p = 8.48e-06
  P=4: graded vs          esn: dNL-MC = -7.701 +- 0.540 (-71.3%), Wilcoxon p = 3.90e-18
  P=8: graded vs  homogeneous: dNL-MC = -0.049 +- 0.171 (-1.6%), Wilcoxon p = 1.82e-02
  P=8: graded vs      uniform: dNL-MC = +0.989 +- 0.593 (+51.2%), Wilcoxon p = 4.67e-18
  P=8: graded vs   stochastic: dNL-MC = -0.235 +- 0.558 (-7.5%), Wilcoxon p = 2.29e-05
  P=8: graded vs          esn: dNL-MC = -9.599 +- 0.658 (-76.7%), Wilcoxon p = 3.90e-18

Channel efficiency (single-time-constant pads needed to match one spread pad):
  graded P=1 (NL-MC 2.295) matched by homogeneous 2 pads
  graded P=2 (NL-MC 2.895) matched by homogeneous 4 pads
  graded P=4 (NL-MC 3.103) matched by homogeneous more than 8 pads
  graded P=8 (NL-MC 2.921) matched by homogeneous 4 pads

Wrote results/headline_*.json  (1293 s)
