300 runs

         arm  Ec jitter  SNR (dB)           NL-MC           NARMA
      graded      0.000       inf    3.047 +- 0.030   0.8209 +- 0.0257
      graded      0.000       100    2.922 +- 0.013   0.8362 +- 0.0215
      graded      0.000        90    2.754 +- 0.010   0.8464 +- 0.0215
      graded      0.000        80    2.552 +- 0.049   0.8576 +- 0.0155
      graded      0.000        70    2.294 +- 0.035   0.8697 +- 0.0111
      graded      0.000        60    2.091 +- 0.056   0.8861 +- 0.0164
      graded      0.000        50    2.036 +- 0.029   0.8942 +- 0.0130
      graded      0.000        40    1.947 +- 0.028   0.9273 +- 0.0160
      graded      0.000        30    1.511 +- 0.020   0.9715 +- 0.0171
      graded      0.000        20    1.127 +- 0.018   0.9892 +- 0.0359
      graded      0.010       inf    0.991 +- 0.058   0.9199 +- 0.0262
      graded      0.010       100    1.024 +- 0.121   0.9085 +- 0.0251
      graded      0.010        90    1.016 +- 0.130   0.9119 +- 0.0255
      graded      0.010        80    1.000 +- 0.130   0.9146 +- 0.0257
      graded      0.010        70    0.972 +- 0.128   0.9186 +- 0.0265
      graded      0.010        60    0.970 +- 0.126   0.9232 +- 0.0277
      graded      0.010        50    0.963 +- 0.124   0.9304 +- 0.0282
      graded      0.010        40    0.927 +- 0.075   0.9476 +- 0.0284
      graded      0.010        30    0.850 +- 0.039   0.9786 +- 0.0313
      graded      0.010        20    0.771 +- 0.035   0.9838 +- 0.0454
      graded      0.030       inf    0.422 +- 0.066   0.9831 +- 0.0223
      graded      0.030       100    0.402 +- 0.076   0.9837 +- 0.0274
      graded      0.030        90    0.404 +- 0.081   0.9845 +- 0.0274
      graded      0.030        80    0.406 +- 0.076   0.9870 +- 0.0266
      graded      0.030        70    0.375 +- 0.081   0.9892 +- 0.0242
      graded      0.030        60    0.362 +- 0.084   0.9944 +- 0.0219
      graded      0.030        50    0.338 +- 0.077   1.0036 +- 0.0205
      graded      0.030        40    0.256 +- 0.063   1.0208 +- 0.0188
      graded      0.030        30    0.212 +- 0.050   1.0386 +- 0.0177
      graded      0.030        20    0.213 +- 0.031   1.0567 +- 0.0186
 homogeneous      0.000       inf    2.886 +- 0.096   0.8235 +- 0.0237
 homogeneous      0.000       100    2.711 +- 0.025   0.8432 +- 0.0176
 homogeneous      0.000        90    2.622 +- 0.017   0.8534 +- 0.0136
 homogeneous      0.000        80    2.515 +- 0.043   0.8621 +- 0.0159
 homogeneous      0.000        70    2.308 +- 0.050   0.8713 +- 0.0130
 homogeneous      0.000        60    2.098 +- 0.061   0.8777 +- 0.0138
 homogeneous      0.000        50    2.042 +- 0.031   0.8880 +- 0.0131
 homogeneous      0.000        40    1.940 +- 0.029   0.9136 +- 0.0154
 homogeneous      0.000        30    1.486 +- 0.041   0.9587 +- 0.0172
 homogeneous      0.000        20    1.109 +- 0.017   0.9925 +- 0.0429
 homogeneous      0.010       inf    1.271 +- 0.068   0.8982 +- 0.0299
 homogeneous      0.010       100    1.300 +- 0.033   0.8886 +- 0.0225
 homogeneous      0.010        90    1.290 +- 0.032   0.8912 +- 0.0235
 homogeneous      0.010        80    1.240 +- 0.142   0.8933 +- 0.0243
 homogeneous      0.010        70    1.269 +- 0.058   0.8961 +- 0.0253
 homogeneous      0.010        60    1.282 +- 0.035   0.8996 +- 0.0269
 homogeneous      0.010        50    1.245 +- 0.043   0.9081 +- 0.0277
 homogeneous      0.010        40    1.170 +- 0.070   0.9266 +- 0.0268
 homogeneous      0.010        30    1.012 +- 0.048   0.9620 +- 0.0332
 homogeneous      0.010        20    0.863 +- 0.030   0.9678 +- 0.0329
 homogeneous      0.030       inf    0.537 +- 0.010   0.9593 +- 0.0194
 homogeneous      0.030       100    0.485 +- 0.073   0.9615 +- 0.0297
 homogeneous      0.030        90    0.487 +- 0.074   0.9629 +- 0.0293
 homogeneous      0.030        80    0.483 +- 0.069   0.9654 +- 0.0280
 homogeneous      0.030        70    0.474 +- 0.065   0.9674 +- 0.0258
 homogeneous      0.030        60    0.476 +- 0.068   0.9727 +- 0.0235
 homogeneous      0.030        50    0.492 +- 0.034   0.9835 +- 0.0224
 homogeneous      0.030        40    0.458 +- 0.027   1.0098 +- 0.0232
 homogeneous      0.030        30    0.411 +- 0.041   1.0239 +- 0.0217
 homogeneous      0.030        20    0.287 +- 0.021   1.0458 +- 0.0194

Readout-precision specification (no switching jitter):
        graded: noiseless capacity 3.047, reaches 95% of it at 100.0 dB
   homogeneous: noiseless capacity 2.886, never reaches 95% within the swept range

Design advantage against readout SNR (spread minus single-tau):
    inf dB: +0.161
    100 dB: +0.212
     90 dB: +0.132
     80 dB: +0.036
     70 dB: -0.014
     60 dB: -0.008
     50 dB: -0.006
     40 dB: +0.007
     30 dB: +0.025
     20 dB: +0.019

Merged into results\reproducibility.json  (93 s)
